library(cluster)
> library(ggplot2)
> library(factoextra)
> library(colorspace)
> library(dendextend)
> library(readxl)
> ## EPM intermediate Dataset
> intermediate_grades <- read_excel("~/Masters Projet/EPM/Data/intermediate_grades.xlsx")
> View(intermediate_grades)
> pca <- princomp(intermediate_grades[, 2:6], cor=T) # principal components analysis using correlation matrix
> pc.comp <- pca$scores
> PrincipalComponent1 <- -1*pc.comp[,1] # principal component 1 scores (negated for convenience)
> PrincipalComponent2 <- -1*pc.comp[,2]
> clustering.data <- cbind(PrincipalComponent1, PrincipalComponent2)
> plot(PrincipalComponent1, PrincipalComponent2, col=clusterCut)
Error in plot.xy(xy, type, ...) : object 'clusterCut' not found
> 
> # ward.D Link
> d <- dist(clustering.data)
> hclusters <- hclust(d, method = "ward.D")
> clusterCut <- cutree(hclusters, 7)
> clusterCut
  [1] 1 2 2 3 3 3 2 4 1 3 2 2 5 3 2 2 2 3 2 2 4 1 5 1 1 6 1 3 2 2 5 3 6 2 5 3 5 2 1 6 3 2
 [43] 4 3 5 5 4 2 2 1 5 3 2 2 2 2 5 6 2 5 5 6 1 5 5 1 3 3 5 3 1 2 4 1 1 2 6 2 3 1 3 1 2 6
 [85] 3 3 2 2 5 2 3 1 2 3 2 1 4 2 1 4 4 2 6 2 7 6 7 7 7 7 6 7 7 7 7
> table(clusterCut, intermediate_grades$`Student Id`)
          
clusterCut 1 2 3 4 5 6 7 8 9 10 11 12 13 14 15 16 17 18 19 20 21 22 23 24 25 26 27 28 29
         1 1 0 0 0 0 0 0 0 1  0  0  0  0  0  0  0  0  0  0  0  0  1  0  1  1  0  1  0  0
         2 0 1 1 0 0 0 1 0 0  0  1  1  0  0  1  1  1  0  1  1  0  0  0  0  0  0  0  0  1
         3 0 0 0 1 1 1 0 0 0  1  0  0  0  1  0  0  0  1  0  0  0  0  0  0  0  0  0  1  0
         4 0 0 0 0 0 0 0 1 0  0  0  0  0  0  0  0  0  0  0  0  1  0  0  0  0  0  0  0  0
         5 0 0 0 0 0 0 0 0 0  0  0  0  1  0  0  0  0  0  0  0  0  0  1  0  0  0  0  0  0
         6 0 0 0 0 0 0 0 0 0  0  0  0  0  0  0  0  0  0  0  0  0  0  0  0  0  1  0  0  0
         7 0 0 0 0 0 0 0 0 0  0  0  0  0  0  0  0  0  0  0  0  0  0  0  0  0  0  0  0  0
          
clusterCut 30 31 32 33 34 35 36 37 38 39 40 41 42 43 44 45 46 47 48 49 50 51 52 53 54 55
         1  0  0  0  0  0  0  0  0  0  1  0  0  0  0  0  0  0  0  0  0  1  0  0  0  0  0
         2  1  0  0  0  1  0  0  0  1  0  0  0  1  0  0  0  0  0  1  1  0  0  0  1  1  1
         3  0  0  1  0  0  0  1  0  0  0  0  1  0  0  1  0  0  0  0  0  0  0  1  0  0  0
         4  0  0  0  0  0  0  0  0  0  0  0  0  0  1  0  0  0  1  0  0  0  0  0  0  0  0
         5  0  1  0  0  0  1  0  1  0  0  0  0  0  0  0  1  1  0  0  0  0  1  0  0  0  0
         6  0  0  0  1  0  0  0  0  0  0  1  0  0  0  0  0  0  0  0  0  0  0  0  0  0  0
         7  0  0  0  0  0  0  0  0  0  0  0  0  0  0  0  0  0  0  0  0  0  0  0  0  0  0
          
clusterCut 56 57 58 59 60 61 62 63 64 65 66 67 68 69 70 71 72 73 74 75 76 77 78 79 80 81
         1  0  0  0  0  0  0  0  1  0  0  1  0  0  0  0  1  0  0  1  1  0  0  0  0  1  0
         2  1  0  0  1  0  0  0  0  0  0  0  0  0  0  0  0  1  0  0  0  1  0  1  0  0  0
         3  0  0  0  0  0  0  0  0  0  0  0  1  1  0  1  0  0  0  0  0  0  0  0  1  0  1
         4  0  0  0  0  0  0  0  0  0  0  0  0  0  0  0  0  0  1  0  0  0  0  0  0  0  0
         5  0  1  0  0  1  1  0  0  1  1  0  0  0  1  0  0  0  0  0  0  0  0  0  0  0  0
         6  0  0  1  0  0  0  1  0  0  0  0  0  0  0  0  0  0  0  0  0  0  1  0  0  0  0
         7  0  0  0  0  0  0  0  0  0  0  0  0  0  0  0  0  0  0  0  0  0  0  0  0  0  0
          
clusterCut 82 83 84 85 86 87 88 89 90 91 92 93 94 95 96 97 98 99 100 101 102 103 104 105
         1  1  0  0  0  0  0  0  0  0  0  1  0  0  0  1  0  0  1   0   0   0   0   0   0
         2  0  1  0  0  0  1  1  0  1  0  0  1  0  1  0  0  1  0   0   0   1   0   1   0
         3  0  0  0  1  1  0  0  0  0  1  0  0  1  0  0  0  0  0   0   0   0   0   0   0
         4  0  0  0  0  0  0  0  0  0  0  0  0  0  0  0  1  0  0   1   1   0   0   0   0
         5  0  0  0  0  0  0  0  1  0  0  0  0  0  0  0  0  0  0   0   0   0   0   0   0
         6  0  0  1  0  0  0  0  0  0  0  0  0  0  0  0  0  0  0   0   0   0   1   0   0
         7  0  0  0  0  0  0  0  0  0  0  0  0  0  0  0  0  0  0   0   0   0   0   0   1
          
clusterCut 106 107 108 109 110 111 112 113 114 115
         1   0   0   0   0   0   0   0   0   0   0
         2   0   0   0   0   0   0   0   0   0   0
         3   0   0   0   0   0   0   0   0   0   0
         4   0   0   0   0   0   0   0   0   0   0
         5   0   0   0   0   0   0   0   0   0   0
         6   1   0   0   0   0   1   0   0   0   0
         7   0   1   1   1   1   0   1   1   1   1
> aggregate(intermediate_grades[,2:6],by=list(clusterCut),mean)
  Group.1 Session 2 Session 3 Session 4 Session 5 Session 6
1       1  2.416667 1.6666667  4.527778  3.750000  1.722222
2       2  3.691176 3.0000000  4.573529  3.764706  2.257353
3       3  5.500000 3.9285714  4.857143  3.928571  2.940476
4       4  4.250000 2.1875000  3.062500  1.625000  0.718750
5       5  0.400000 0.5666667  4.133333  3.233333  1.316667
6       6  0.750000 0.3500000  2.800000  0.900000  0.000000
7       7  0.000000 0.1666667  0.000000  0.000000  0.000000
> #plot(PrincipalComponent1, PrincipalComponent2, col=clusterCut)
> dend<- as.dendrogram(hclusters)
> # Vertical plot
> dend %>% set("branches_k_color", k = 7) %>% plot(main = "ward.D Cluster Dendrogram")
> dend %>% rect.dendrogram(k=7, border = 8, lty = 5, lwd = 2)
> 
> # ward.D2 Link
> d <- dist(clustering.data)
> hclusters <- hclust(d, method = "ward.D2")
> clusterCut <- cutree(hclusters, 7)
> clusterCut
  [1] 1 2 2 3 3 3 2 4 1 3 2 2 5 3 2 2 3 3 2 2 4 1 5 1 1 6 1 3 3 2 5 3 6 2 5 3 5 2 1 6 3 2
 [43] 4 3 5 5 4 2 2 1 5 3 2 2 2 2 5 6 2 5 5 6 1 5 5 1 3 3 5 3 1 2 4 1 1 2 6 2 3 1 3 1 2 6
 [85] 3 3 2 3 5 2 3 1 2 3 3 1 4 3 1 4 4 2 6 2 7 7 7 7 7 7 6 7 7 7 7
> table(clusterCut, intermediate_grades$`Student Id`)
          
clusterCut 1 2 3 4 5 6 7 8 9 10 11 12 13 14 15 16 17 18 19 20 21 22 23 24 25 26 27 28 29
         1 1 0 0 0 0 0 0 0 1  0  0  0  0  0  0  0  0  0  0  0  0  1  0  1  1  0  1  0  0
         2 0 1 1 0 0 0 1 0 0  0  1  1  0  0  1  1  0  0  1  1  0  0  0  0  0  0  0  0  0
         3 0 0 0 1 1 1 0 0 0  1  0  0  0  1  0  0  1  1  0  0  0  0  0  0  0  0  0  1  1
         4 0 0 0 0 0 0 0 1 0  0  0  0  0  0  0  0  0  0  0  0  1  0  0  0  0  0  0  0  0
         5 0 0 0 0 0 0 0 0 0  0  0  0  1  0  0  0  0  0  0  0  0  0  1  0  0  0  0  0  0
         6 0 0 0 0 0 0 0 0 0  0  0  0  0  0  0  0  0  0  0  0  0  0  0  0  0  1  0  0  0
         7 0 0 0 0 0 0 0 0 0  0  0  0  0  0  0  0  0  0  0  0  0  0  0  0  0  0  0  0  0
          
clusterCut 30 31 32 33 34 35 36 37 38 39 40 41 42 43 44 45 46 47 48 49 50 51 52 53 54 55
         1  0  0  0  0  0  0  0  0  0  1  0  0  0  0  0  0  0  0  0  0  1  0  0  0  0  0
         2  1  0  0  0  1  0  0  0  1  0  0  0  1  0  0  0  0  0  1  1  0  0  0  1  1  1
         3  0  0  1  0  0  0  1  0  0  0  0  1  0  0  1  0  0  0  0  0  0  0  1  0  0  0
         4  0  0  0  0  0  0  0  0  0  0  0  0  0  1  0  0  0  1  0  0  0  0  0  0  0  0
         5  0  1  0  0  0  1  0  1  0  0  0  0  0  0  0  1  1  0  0  0  0  1  0  0  0  0
         6  0  0  0  1  0  0  0  0  0  0  1  0  0  0  0  0  0  0  0  0  0  0  0  0  0  0
         7  0  0  0  0  0  0  0  0  0  0  0  0  0  0  0  0  0  0  0  0  0  0  0  0  0  0
          
clusterCut 56 57 58 59 60 61 62 63 64 65 66 67 68 69 70 71 72 73 74 75 76 77 78 79 80 81
         1  0  0  0  0  0  0  0  1  0  0  1  0  0  0  0  1  0  0  1  1  0  0  0  0  1  0
         2  1  0  0  1  0  0  0  0  0  0  0  0  0  0  0  0  1  0  0  0  1  0  1  0  0  0
         3  0  0  0  0  0  0  0  0  0  0  0  1  1  0  1  0  0  0  0  0  0  0  0  1  0  1
         4  0  0  0  0  0  0  0  0  0  0  0  0  0  0  0  0  0  1  0  0  0  0  0  0  0  0
         5  0  1  0  0  1  1  0  0  1  1  0  0  0  1  0  0  0  0  0  0  0  0  0  0  0  0
         6  0  0  1  0  0  0  1  0  0  0  0  0  0  0  0  0  0  0  0  0  0  1  0  0  0  0
         7  0  0  0  0  0  0  0  0  0  0  0  0  0  0  0  0  0  0  0  0  0  0  0  0  0  0
          
clusterCut 82 83 84 85 86 87 88 89 90 91 92 93 94 95 96 97 98 99 100 101 102 103 104 105
         1  1  0  0  0  0  0  0  0  0  0  1  0  0  0  1  0  0  1   0   0   0   0   0   0
         2  0  1  0  0  0  1  0  0  1  0  0  1  0  0  0  0  0  0   0   0   1   0   1   0
         3  0  0  0  1  1  0  1  0  0  1  0  0  1  1  0  0  1  0   0   0   0   0   0   0
         4  0  0  0  0  0  0  0  0  0  0  0  0  0  0  0  1  0  0   1   1   0   0   0   0
         5  0  0  0  0  0  0  0  1  0  0  0  0  0  0  0  0  0  0   0   0   0   0   0   0
         6  0  0  1  0  0  0  0  0  0  0  0  0  0  0  0  0  0  0   0   0   0   1   0   0
         7  0  0  0  0  0  0  0  0  0  0  0  0  0  0  0  0  0  0   0   0   0   0   0   1
          
clusterCut 106 107 108 109 110 111 112 113 114 115
         1   0   0   0   0   0   0   0   0   0   0
         2   0   0   0   0   0   0   0   0   0   0
         3   0   0   0   0   0   0   0   0   0   0
         4   0   0   0   0   0   0   0   0   0   0
         5   0   0   0   0   0   0   0   0   0   0
         6   0   0   0   0   0   1   0   0   0   0
         7   1   1   1   1   1   0   1   1   1   1
> aggregate(intermediate_grades[,2:6],by=list(clusterCut),mean)
  Group.1 Session 2 Session 3 Session 4 Session 5 Session 6
1       1 2.4166667 1.6666667  4.527778  3.750000  1.722222
2       2 3.6379310 2.9310345  4.500000  3.758621  2.068966
3       3 5.2115385 3.8269231  4.884615  3.903846  3.019231
4       4 4.2500000 2.1875000  3.062500  1.625000  0.718750
5       5 0.4000000 0.5666667  4.133333  3.233333  1.316667
6       6 0.8333333 0.0000000  3.111111  1.000000  0.000000
7       7 0.0000000 0.5000000  0.000000  0.000000  0.000000
> #plot(PrincipalComponent1, PrincipalComponent2, col=clusterCut)
> dend<- as.dendrogram(hclusters)
> # Vertical plot
> dend %>% set("branches_k_color", k = 7) %>% plot(main = "ward.D2 Cluster Dendrogram")
> dend %>% rect.dendrogram(k=7, border = 8, lty = 5, lwd = 2)
> 
> #Single link
> d <- dist(clustering.data)
> hclusters <- hclust(d , method = "single")
> clusterCut <- cutree(hclusters, 7)
> clusterCut
  [1] 1 1 1 1 1 1 1 2 1 1 1 1 1 1 1 1 1 1 1 1 3 1 1 1 1 4 1 1 1 1 1 1 4 1 1 1 1 1 1 4 1 1
 [43] 2 1 1 1 2 1 1 1 1 1 1 1 1 1 1 4 1 1 1 4 1 1 1 1 1 1 1 1 1 1 2 1 1 1 4 1 1 1 1 1 1 3
 [85] 1 1 1 1 1 1 1 1 1 1 1 1 2 1 1 2 5 1 3 1 6 7 6 6 6 6 3 6 6 6 6
> table(clusterCut, intermediate_grades$`Student Id`)
          
clusterCut 1 2 3 4 5 6 7 8 9 10 11 12 13 14 15 16 17 18 19 20 21 22 23 24 25 26 27 28 29
         1 1 1 1 1 1 1 1 0 1  1  1  1  1  1  1  1  1  1  1  1  0  1  1  1  1  0  1  1  1
         2 0 0 0 0 0 0 0 1 0  0  0  0  0  0  0  0  0  0  0  0  0  0  0  0  0  0  0  0  0
         3 0 0 0 0 0 0 0 0 0  0  0  0  0  0  0  0  0  0  0  0  1  0  0  0  0  0  0  0  0
         4 0 0 0 0 0 0 0 0 0  0  0  0  0  0  0  0  0  0  0  0  0  0  0  0  0  1  0  0  0
         5 0 0 0 0 0 0 0 0 0  0  0  0  0  0  0  0  0  0  0  0  0  0  0  0  0  0  0  0  0
         6 0 0 0 0 0 0 0 0 0  0  0  0  0  0  0  0  0  0  0  0  0  0  0  0  0  0  0  0  0
         7 0 0 0 0 0 0 0 0 0  0  0  0  0  0  0  0  0  0  0  0  0  0  0  0  0  0  0  0  0
          
clusterCut 30 31 32 33 34 35 36 37 38 39 40 41 42 43 44 45 46 47 48 49 50 51 52 53 54 55
         1  1  1  1  0  1  1  1  1  1  1  0  1  1  0  1  1  1  0  1  1  1  1  1  1  1  1
         2  0  0  0  0  0  0  0  0  0  0  0  0  0  1  0  0  0  1  0  0  0  0  0  0  0  0
         3  0  0  0  0  0  0  0  0  0  0  0  0  0  0  0  0  0  0  0  0  0  0  0  0  0  0
         4  0  0  0  1  0  0  0  0  0  0  1  0  0  0  0  0  0  0  0  0  0  0  0  0  0  0
         5  0  0  0  0  0  0  0  0  0  0  0  0  0  0  0  0  0  0  0  0  0  0  0  0  0  0
         6  0  0  0  0  0  0  0  0  0  0  0  0  0  0  0  0  0  0  0  0  0  0  0  0  0  0
         7  0  0  0  0  0  0  0  0  0  0  0  0  0  0  0  0  0  0  0  0  0  0  0  0  0  0
          
clusterCut 56 57 58 59 60 61 62 63 64 65 66 67 68 69 70 71 72 73 74 75 76 77 78 79 80 81
         1  1  1  0  1  1  1  0  1  1  1  1  1  1  1  1  1  1  0  1  1  1  0  1  1  1  1
         2  0  0  0  0  0  0  0  0  0  0  0  0  0  0  0  0  0  1  0  0  0  0  0  0  0  0
         3  0  0  0  0  0  0  0  0  0  0  0  0  0  0  0  0  0  0  0  0  0  0  0  0  0  0
         4  0  0  1  0  0  0  1  0  0  0  0  0  0  0  0  0  0  0  0  0  0  1  0  0  0  0
         5  0  0  0  0  0  0  0  0  0  0  0  0  0  0  0  0  0  0  0  0  0  0  0  0  0  0
         6  0  0  0  0  0  0  0  0  0  0  0  0  0  0  0  0  0  0  0  0  0  0  0  0  0  0
         7  0  0  0  0  0  0  0  0  0  0  0  0  0  0  0  0  0  0  0  0  0  0  0  0  0  0
          
clusterCut 82 83 84 85 86 87 88 89 90 91 92 93 94 95 96 97 98 99 100 101 102 103 104 105
         1  1  1  0  1  1  1  1  1  1  1  1  1  1  1  1  0  1  1   0   0   1   0   1   0
         2  0  0  0  0  0  0  0  0  0  0  0  0  0  0  0  1  0  0   1   0   0   0   0   0
         3  0  0  1  0  0  0  0  0  0  0  0  0  0  0  0  0  0  0   0   0   0   1   0   0
         4  0  0  0  0  0  0  0  0  0  0  0  0  0  0  0  0  0  0   0   0   0   0   0   0
         5  0  0  0  0  0  0  0  0  0  0  0  0  0  0  0  0  0  0   0   1   0   0   0   0
         6  0  0  0  0  0  0  0  0  0  0  0  0  0  0  0  0  0  0   0   0   0   0   0   1
         7  0  0  0  0  0  0  0  0  0  0  0  0  0  0  0  0  0  0   0   0   0   0   0   0
          
clusterCut 106 107 108 109 110 111 112 113 114 115
         1   0   0   0   0   0   0   0   0   0   0
         2   0   0   0   0   0   0   0   0   0   0
         3   0   0   0   0   0   1   0   0   0   0
         4   0   0   0   0   0   0   0   0   0   0
         5   0   0   0   0   0   0   0   0   0   0
         6   0   1   1   1   1   0   1   1   1   1
         7   1   0   0   0   0   0   0   0   0   0
> aggregate(iris[,2:6],by=list(clusterCut),mean)
Error in `[.data.frame`(iris, , 2:6) : undefined columns selected
> #plot(PrincipalComponent1, PrincipalComponent2, col=clusterCut)
> dend<- as.dendrogram(hclusters)
> # Vertical plot
> dend %>% set("branches_k_color", k = 7) %>% plot(main = "Single Cluster Dendrogram")
> dend %>% rect.dendrogram(k=7, border = 8, lty = 5, lwd = 2)
> 
> #Complete link
> d <- dist(clustering.data)
> hclusters <- hclust(d, method = "complete")
> clusterCut <- cutree(hclusters, 7)
> clusterCut
  [1] 1 2 2 2 2 2 2 3 4 2 1 2 4 2 1 1 2 2 1 1 5 1 4 1 4 6 4 2 2 1 6 2 6 2 4 2 4 2 1 6 2 1
 [43] 3 2 6 4 3 1 1 1 4 2 2 2 1 1 6 6 1 4 4 6 1 4 4 4 2 2 4 2 1 2 3 1 1 2 6 1 2 1 2 1 1 6
 [85] 2 2 2 2 6 1 2 1 2 2 2 1 3 2 1 3 5 2 5 1 7 5 7 7 7 7 5 7 7 7 7
> table(clusterCut, intermediate_grades$`Student Id`)
          
clusterCut 1 2 3 4 5 6 7 8 9 10 11 12 13 14 15 16 17 18 19 20 21 22 23 24 25 26 27 28 29
         1 1 0 0 0 0 0 0 0 0  0  1  0  0  0  1  1  0  0  1  1  0  1  0  1  0  0  0  0  0
         2 0 1 1 1 1 1 1 0 0  1  0  1  0  1  0  0  1  1  0  0  0  0  0  0  0  0  0  1  1
         3 0 0 0 0 0 0 0 1 0  0  0  0  0  0  0  0  0  0  0  0  0  0  0  0  0  0  0  0  0
         4 0 0 0 0 0 0 0 0 1  0  0  0  1  0  0  0  0  0  0  0  0  0  1  0  1  0  1  0  0
         5 0 0 0 0 0 0 0 0 0  0  0  0  0  0  0  0  0  0  0  0  1  0  0  0  0  0  0  0  0
         6 0 0 0 0 0 0 0 0 0  0  0  0  0  0  0  0  0  0  0  0  0  0  0  0  0  1  0  0  0
         7 0 0 0 0 0 0 0 0 0  0  0  0  0  0  0  0  0  0  0  0  0  0  0  0  0  0  0  0  0
          
clusterCut 30 31 32 33 34 35 36 37 38 39 40 41 42 43 44 45 46 47 48 49 50 51 52 53 54 55
         1  1  0  0  0  0  0  0  0  0  1  0  0  1  0  0  0  0  0  1  1  1  0  0  0  0  1
         2  0  0  1  0  1  0  1  0  1  0  0  1  0  0  1  0  0  0  0  0  0  0  1  1  1  0
         3  0  0  0  0  0  0  0  0  0  0  0  0  0  1  0  0  0  1  0  0  0  0  0  0  0  0
         4  0  0  0  0  0  1  0  1  0  0  0  0  0  0  0  0  1  0  0  0  0  1  0  0  0  0
         5  0  0  0  0  0  0  0  0  0  0  0  0  0  0  0  0  0  0  0  0  0  0  0  0  0  0
         6  0  1  0  1  0  0  0  0  0  0  1  0  0  0  0  1  0  0  0  0  0  0  0  0  0  0
         7  0  0  0  0  0  0  0  0  0  0  0  0  0  0  0  0  0  0  0  0  0  0  0  0  0  0
          
clusterCut 56 57 58 59 60 61 62 63 64 65 66 67 68 69 70 71 72 73 74 75 76 77 78 79 80 81
         1  1  0  0  1  0  0  0  1  0  0  0  0  0  0  0  1  0  0  1  1  0  0  1  0  1  0
         2  0  0  0  0  0  0  0  0  0  0  0  1  1  0  1  0  1  0  0  0  1  0  0  1  0  1
         3  0  0  0  0  0  0  0  0  0  0  0  0  0  0  0  0  0  1  0  0  0  0  0  0  0  0
         4  0  0  0  0  1  1  0  0  1  1  1  0  0  1  0  0  0  0  0  0  0  0  0  0  0  0
         5  0  0  0  0  0  0  0  0  0  0  0  0  0  0  0  0  0  0  0  0  0  0  0  0  0  0
         6  0  1  1  0  0  0  1  0  0  0  0  0  0  0  0  0  0  0  0  0  0  1  0  0  0  0
         7  0  0  0  0  0  0  0  0  0  0  0  0  0  0  0  0  0  0  0  0  0  0  0  0  0  0
          
clusterCut 82 83 84 85 86 87 88 89 90 91 92 93 94 95 96 97 98 99 100 101 102 103 104 105
         1  1  1  0  0  0  0  0  0  1  0  1  0  0  0  1  0  0  1   0   0   0   0   1   0
         2  0  0  0  1  1  1  1  0  0  1  0  1  1  1  0  0  1  0   0   0   1   0   0   0
         3  0  0  0  0  0  0  0  0  0  0  0  0  0  0  0  1  0  0   1   0   0   0   0   0
         4  0  0  0  0  0  0  0  0  0  0  0  0  0  0  0  0  0  0   0   0   0   0   0   0
         5  0  0  0  0  0  0  0  0  0  0  0  0  0  0  0  0  0  0   0   1   0   1   0   0
         6  0  0  1  0  0  0  0  1  0  0  0  0  0  0  0  0  0  0   0   0   0   0   0   0
         7  0  0  0  0  0  0  0  0  0  0  0  0  0  0  0  0  0  0   0   0   0   0   0   1
          
clusterCut 106 107 108 109 110 111 112 113 114 115
         1   0   0   0   0   0   0   0   0   0   0
         2   0   0   0   0   0   0   0   0   0   0
         3   0   0   0   0   0   0   0   0   0   0
         4   0   0   0   0   0   0   0   0   0   0
         5   1   0   0   0   0   1   0   0   0   0
         6   0   0   0   0   0   0   0   0   0   0
         7   0   1   1   1   1   0   1   1   1   1
> aggregate(iris[,2:6],by=list(clusterCut),mean)
Error in `[.data.frame`(iris, , 2:6) : undefined columns selected
> #plot(PrincipalComponent1, PrincipalComponent2, col=clusterCut)
> dend<- as.dendrogram(hclusters)
> # Vertical plot
> dend %>% set("branches_k_color", k = 7) %>% plot(main = "Complete Cluster Dendrogram")
> dend %>% rect.dendrogram(k=7, border = 8, lty = 5, lwd = 2)
> 
> # Average Link
> d <- dist(clustering.data)
> hclusters <- hclust(d, method = "Average")
Error in hclust(d, method = "Average") : 
  invalid clustering method Average
> clusterCut <- cutree(hclusters, 7)
> clusterCut
  [1] 1 2 2 2 2 2 2 3 4 2 1 2 4 2 1 1 2 2 1 1 5 1 4 1 4 6 4 2 2 1 6 2 6 2 4 2 4 2 1 6 2 1
 [43] 3 2 6 4 3 1 1 1 4 2 2 2 1 1 6 6 1 4 4 6 1 4 4 4 2 2 4 2 1 2 3 1 1 2 6 1 2 1 2 1 1 6
 [85] 2 2 2 2 6 1 2 1 2 2 2 1 3 2 1 3 5 2 5 1 7 5 7 7 7 7 5 7 7 7 7
> table(clusterCut, intermediate_grades$`Student Id`)
          
clusterCut 1 2 3 4 5 6 7 8 9 10 11 12 13 14 15 16 17 18 19 20 21 22 23 24 25 26 27 28 29
         1 1 0 0 0 0 0 0 0 0  0  1  0  0  0  1  1  0  0  1  1  0  1  0  1  0  0  0  0  0
         2 0 1 1 1 1 1 1 0 0  1  0  1  0  1  0  0  1  1  0  0  0  0  0  0  0  0  0  1  1
         3 0 0 0 0 0 0 0 1 0  0  0  0  0  0  0  0  0  0  0  0  0  0  0  0  0  0  0  0  0
         4 0 0 0 0 0 0 0 0 1  0  0  0  1  0  0  0  0  0  0  0  0  0  1  0  1  0  1  0  0
         5 0 0 0 0 0 0 0 0 0  0  0  0  0  0  0  0  0  0  0  0  1  0  0  0  0  0  0  0  0
         6 0 0 0 0 0 0 0 0 0  0  0  0  0  0  0  0  0  0  0  0  0  0  0  0  0  1  0  0  0
         7 0 0 0 0 0 0 0 0 0  0  0  0  0  0  0  0  0  0  0  0  0  0  0  0  0  0  0  0  0
          
clusterCut 30 31 32 33 34 35 36 37 38 39 40 41 42 43 44 45 46 47 48 49 50 51 52 53 54 55
         1  1  0  0  0  0  0  0  0  0  1  0  0  1  0  0  0  0  0  1  1  1  0  0  0  0  1
         2  0  0  1  0  1  0  1  0  1  0  0  1  0  0  1  0  0  0  0  0  0  0  1  1  1  0
         3  0  0  0  0  0  0  0  0  0  0  0  0  0  1  0  0  0  1  0  0  0  0  0  0  0  0
         4  0  0  0  0  0  1  0  1  0  0  0  0  0  0  0  0  1  0  0  0  0  1  0  0  0  0
         5  0  0  0  0  0  0  0  0  0  0  0  0  0  0  0  0  0  0  0  0  0  0  0  0  0  0
         6  0  1  0  1  0  0  0  0  0  0  1  0  0  0  0  1  0  0  0  0  0  0  0  0  0  0
         7  0  0  0  0  0  0  0  0  0  0  0  0  0  0  0  0  0  0  0  0  0  0  0  0  0  0
          
clusterCut 56 57 58 59 60 61 62 63 64 65 66 67 68 69 70 71 72 73 74 75 76 77 78 79 80 81
         1  1  0  0  1  0  0  0  1  0  0  0  0  0  0  0  1  0  0  1  1  0  0  1  0  1  0
         2  0  0  0  0  0  0  0  0  0  0  0  1  1  0  1  0  1  0  0  0  1  0  0  1  0  1
         3  0  0  0  0  0  0  0  0  0  0  0  0  0  0  0  0  0  1  0  0  0  0  0  0  0  0
         4  0  0  0  0  1  1  0  0  1  1  1  0  0  1  0  0  0  0  0  0  0  0  0  0  0  0
         5  0  0  0  0  0  0  0  0  0  0  0  0  0  0  0  0  0  0  0  0  0  0  0  0  0  0
         6  0  1  1  0  0  0  1  0  0  0  0  0  0  0  0  0  0  0  0  0  0  1  0  0  0  0
         7  0  0  0  0  0  0  0  0  0  0  0  0  0  0  0  0  0  0  0  0  0  0  0  0  0  0
          
clusterCut 82 83 84 85 86 87 88 89 90 91 92 93 94 95 96 97 98 99 100 101 102 103 104 105
         1  1  1  0  0  0  0  0  0  1  0  1  0  0  0  1  0  0  1   0   0   0   0   1   0
         2  0  0  0  1  1  1  1  0  0  1  0  1  1  1  0  0  1  0   0   0   1   0   0   0
         3  0  0  0  0  0  0  0  0  0  0  0  0  0  0  0  1  0  0   1   0   0   0   0   0
         4  0  0  0  0  0  0  0  0  0  0  0  0  0  0  0  0  0  0   0   0   0   0   0   0
         5  0  0  0  0  0  0  0  0  0  0  0  0  0  0  0  0  0  0   0   1   0   1   0   0
         6  0  0  1  0  0  0  0  1  0  0  0  0  0  0  0  0  0  0   0   0   0   0   0   0
         7  0  0  0  0  0  0  0  0  0  0  0  0  0  0  0  0  0  0   0   0   0   0   0   1
          
clusterCut 106 107 108 109 110 111 112 113 114 115
         1   0   0   0   0   0   0   0   0   0   0
         2   0   0   0   0   0   0   0   0   0   0
         3   0   0   0   0   0   0   0   0   0   0
         4   0   0   0   0   0   0   0   0   0   0
         5   1   0   0   0   0   1   0   0   0   0
         6   0   0   0   0   0   0   0   0   0   0
         7   0   1   1   1   1   0   1   1   1   1
> aggregate(intermediate_grades[,2:6],by=list(clusterCut),mean)
  Group.1 Session 2 Session 3 Session 4 Session 5 Session 6
1       1 3.2000000 2.0000000  4.566667 3.7833333 1.9750000
2       2 4.8333333 3.7179487  4.730769 3.8333333 2.6153846
3       3 4.0833333 2.6666667  3.500000 1.5833333 0.9583333
4       4 0.3666667 1.0000000  4.200000 3.7000000 1.6500000
5       5 2.9000000 1.0000000  0.700000 2.0000000 0.0000000
6       6 0.2727273 0.2727273  4.045455 0.9545455 0.2954545
7       7 0.0000000 0.1666667  0.000000 0.0000000 0.0000000
> #plot(PrincipalComponent1, PrincipalComponent2, col=clusterCut)
> dend<- as.dendrogram(hclusters)
> # Vertical plot
> dend %>% set("branches_k_color", k = 7) %>% plot(main = "Average Cluster Dendrogram")
> dend %>% rect.dendrogram(k=7, border = 8, lty = 5, lwd = 2)
> 
> # mcquitty Link
> d <- dist(clustering.data)
> hclusters <- hclust(d, method = "mcquitty")
> clusterCut <- cutree(hclusters, 7)
> clusterCut
  [1] 1 1 1 2 2 2 2 3 4 2 1 2 4 2 1 1 2 2 1 1 5 1 6 1 4 6 4 2 2 1 6 2 6 1 4 2 4 2 1 6 2 1
 [43] 3 2 6 4 3 1 1 1 4 2 2 1 1 1 6 6 1 4 4 6 1 4 4 4 2 2 4 2 1 2 3 1 1 2 6 1 2 1 2 1 1 6
 [85] 2 2 2 2 6 1 2 1 2 2 2 1 3 2 1 3 3 2 5 1 7 5 7 7 7 7 5 7 7 7 7
> table(clusterCut, intermediate_grades$`Student Id`)
          
clusterCut 1 2 3 4 5 6 7 8 9 10 11 12 13 14 15 16 17 18 19 20 21 22 23 24 25 26 27 28 29
         1 1 1 1 0 0 0 0 0 0  0  1  0  0  0  1  1  0  0  1  1  0  1  0  1  0  0  0  0  0
         2 0 0 0 1 1 1 1 0 0  1  0  1  0  1  0  0  1  1  0  0  0  0  0  0  0  0  0  1  1
         3 0 0 0 0 0 0 0 1 0  0  0  0  0  0  0  0  0  0  0  0  0  0  0  0  0  0  0  0  0
         4 0 0 0 0 0 0 0 0 1  0  0  0  1  0  0  0  0  0  0  0  0  0  0  0  1  0  1  0  0
         5 0 0 0 0 0 0 0 0 0  0  0  0  0  0  0  0  0  0  0  0  1  0  0  0  0  0  0  0  0
         6 0 0 0 0 0 0 0 0 0  0  0  0  0  0  0  0  0  0  0  0  0  0  1  0  0  1  0  0  0
         7 0 0 0 0 0 0 0 0 0  0  0  0  0  0  0  0  0  0  0  0  0  0  0  0  0  0  0  0  0
          
clusterCut 30 31 32 33 34 35 36 37 38 39 40 41 42 43 44 45 46 47 48 49 50 51 52 53 54 55
         1  1  0  0  0  1  0  0  0  0  1  0  0  1  0  0  0  0  0  1  1  1  0  0  0  1  1
         2  0  0  1  0  0  0  1  0  1  0  0  1  0  0  1  0  0  0  0  0  0  0  1  1  0  0
         3  0  0  0  0  0  0  0  0  0  0  0  0  0  1  0  0  0  1  0  0  0  0  0  0  0  0
         4  0  0  0  0  0  1  0  1  0  0  0  0  0  0  0  0  1  0  0  0  0  1  0  0  0  0
         5  0  0  0  0  0  0  0  0  0  0  0  0  0  0  0  0  0  0  0  0  0  0  0  0  0  0
         6  0  1  0  1  0  0  0  0  0  0  1  0  0  0  0  1  0  0  0  0  0  0  0  0  0  0
         7  0  0  0  0  0  0  0  0  0  0  0  0  0  0  0  0  0  0  0  0  0  0  0  0  0  0
          
clusterCut 56 57 58 59 60 61 62 63 64 65 66 67 68 69 70 71 72 73 74 75 76 77 78 79 80 81
         1  1  0  0  1  0  0  0  1  0  0  0  0  0  0  0  1  0  0  1  1  0  0  1  0  1  0
         2  0  0  0  0  0  0  0  0  0  0  0  1  1  0  1  0  1  0  0  0  1  0  0  1  0  1
         3  0  0  0  0  0  0  0  0  0  0  0  0  0  0  0  0  0  1  0  0  0  0  0  0  0  0
         4  0  0  0  0  1  1  0  0  1  1  1  0  0  1  0  0  0  0  0  0  0  0  0  0  0  0
         5  0  0  0  0  0  0  0  0  0  0  0  0  0  0  0  0  0  0  0  0  0  0  0  0  0  0
         6  0  1  1  0  0  0  1  0  0  0  0  0  0  0  0  0  0  0  0  0  0  1  0  0  0  0
         7  0  0  0  0  0  0  0  0  0  0  0  0  0  0  0  0  0  0  0  0  0  0  0  0  0  0
          
clusterCut 82 83 84 85 86 87 88 89 90 91 92 93 94 95 96 97 98 99 100 101 102 103 104 105
         1  1  1  0  0  0  0  0  0  1  0  1  0  0  0  1  0  0  1   0   0   0   0   1   0
         2  0  0  0  1  1  1  1  0  0  1  0  1  1  1  0  0  1  0   0   0   1   0   0   0
         3  0  0  0  0  0  0  0  0  0  0  0  0  0  0  0  1  0  0   1   1   0   0   0   0
         4  0  0  0  0  0  0  0  0  0  0  0  0  0  0  0  0  0  0   0   0   0   0   0   0
         5  0  0  0  0  0  0  0  0  0  0  0  0  0  0  0  0  0  0   0   0   0   1   0   0
         6  0  0  1  0  0  0  0  1  0  0  0  0  0  0  0  0  0  0   0   0   0   0   0   0
         7  0  0  0  0  0  0  0  0  0  0  0  0  0  0  0  0  0  0   0   0   0   0   0   1
          
clusterCut 106 107 108 109 110 111 112 113 114 115
         1   0   0   0   0   0   0   0   0   0   0
         2   0   0   0   0   0   0   0   0   0   0
         3   0   0   0   0   0   0   0   0   0   0
         4   0   0   0   0   0   0   0   0   0   0
         5   1   0   0   0   0   1   0   0   0   0
         6   0   0   0   0   0   0   0   0   0   0
         7   0   1   1   1   1   0   1   1   1   1
> aggregate(intermediate_grades[,2:6],by=list(clusterCut),mean)
  Group.1 Session 2 Session 3 Session 4 Session 5 Session 6
1       1 3.3088235 2.1764706  4.573529  3.764706 1.8308824
2       2 4.9142857 3.7428571  4.742857  3.857143 2.8285714
3       3 4.1428571 2.5000000  3.000000  1.857143 0.8214286
4       4 0.3928571 0.9642857  4.214286  3.714286 1.7678571
5       5 2.5000000 0.8750000  0.875000  1.625000 0.0000000
6       6 0.2500000 0.3750000  4.041667  1.166667 0.2708333
7       7 0.0000000 0.1666667  0.000000  0.000000 0.0000000
> #plot(PrincipalComponent1, PrincipalComponent2, col=clusterCut)
> dend<- as.dendrogram(hclusters)
> # Vertical plot
> dend %>% set("branches_k_color", k = 7) %>% plot(main = "Mcquitty Cluster Dendrogram")
> dend %>% rect.dendrogram(k=7, border = 8, lty = 5, lwd = 2)
> 
> # median Link
> d <- dist(clustering.data)
> hclusters <- hclust(d, method = "median")
> clusterCut <- cutree(hclusters, 7)
> clusterCut
  [1] 1 2 2 2 2 2 2 3 1 2 2 2 1 2 2 1 2 2 2 2 4 1 1 1 1 4 1 2 2 1 1 2 4 2 1 2 1 2 1 4 2 2
 [43] 3 2 1 1 3 2 2 1 1 2 2 2 2 2 1 4 2 1 1 4 1 1 1 1 2 2 1 2 1 2 3 1 1 2 4 2 2 1 2 1 2 4
 [85] 2 2 2 2 1 2 2 1 2 2 2 1 3 2 1 3 5 2 4 2 6 7 6 6 6 6 4 6 6 6 6
> table(clusterCut, intermediate_grades$`Student Id`)
          
clusterCut 1 2 3 4 5 6 7 8 9 10 11 12 13 14 15 16 17 18 19 20 21 22 23 24 25 26 27 28 29
         1 1 0 0 0 0 0 0 0 1  0  0  0  1  0  0  1  0  0  0  0  0  1  1  1  1  0  1  0  0
         2 0 1 1 1 1 1 1 0 0  1  1  1  0  1  1  0  1  1  1  1  0  0  0  0  0  0  0  1  1
         3 0 0 0 0 0 0 0 1 0  0  0  0  0  0  0  0  0  0  0  0  0  0  0  0  0  0  0  0  0
         4 0 0 0 0 0 0 0 0 0  0  0  0  0  0  0  0  0  0  0  0  1  0  0  0  0  1  0  0  0
         5 0 0 0 0 0 0 0 0 0  0  0  0  0  0  0  0  0  0  0  0  0  0  0  0  0  0  0  0  0
         6 0 0 0 0 0 0 0 0 0  0  0  0  0  0  0  0  0  0  0  0  0  0  0  0  0  0  0  0  0
         7 0 0 0 0 0 0 0 0 0  0  0  0  0  0  0  0  0  0  0  0  0  0  0  0  0  0  0  0  0
          
clusterCut 30 31 32 33 34 35 36 37 38 39 40 41 42 43 44 45 46 47 48 49 50 51 52 53 54 55
         1  1  1  0  0  0  1  0  1  0  1  0  0  0  0  0  1  1  0  0  0  1  1  0  0  0  0
         2  0  0  1  0  1  0  1  0  1  0  0  1  1  0  1  0  0  0  1  1  0  0  1  1  1  1
         3  0  0  0  0  0  0  0  0  0  0  0  0  0  1  0  0  0  1  0  0  0  0  0  0  0  0
         4  0  0  0  1  0  0  0  0  0  0  1  0  0  0  0  0  0  0  0  0  0  0  0  0  0  0
         5  0  0  0  0  0  0  0  0  0  0  0  0  0  0  0  0  0  0  0  0  0  0  0  0  0  0
         6  0  0  0  0  0  0  0  0  0  0  0  0  0  0  0  0  0  0  0  0  0  0  0  0  0  0
         7  0  0  0  0  0  0  0  0  0  0  0  0  0  0  0  0  0  0  0  0  0  0  0  0  0  0
          
clusterCut 56 57 58 59 60 61 62 63 64 65 66 67 68 69 70 71 72 73 74 75 76 77 78 79 80 81
         1  0  1  0  0  1  1  0  1  1  1  1  0  0  1  0  1  0  0  1  1  0  0  0  0  1  0
         2  1  0  0  1  0  0  0  0  0  0  0  1  1  0  1  0  1  0  0  0  1  0  1  1  0  1
         3  0  0  0  0  0  0  0  0  0  0  0  0  0  0  0  0  0  1  0  0  0  0  0  0  0  0
         4  0  0  1  0  0  0  1  0  0  0  0  0  0  0  0  0  0  0  0  0  0  1  0  0  0  0
         5  0  0  0  0  0  0  0  0  0  0  0  0  0  0  0  0  0  0  0  0  0  0  0  0  0  0
         6  0  0  0  0  0  0  0  0  0  0  0  0  0  0  0  0  0  0  0  0  0  0  0  0  0  0
         7  0  0  0  0  0  0  0  0  0  0  0  0  0  0  0  0  0  0  0  0  0  0  0  0  0  0
          
clusterCut 82 83 84 85 86 87 88 89 90 91 92 93 94 95 96 97 98 99 100 101 102 103 104 105
         1  1  0  0  0  0  0  0  1  0  0  1  0  0  0  1  0  0  1   0   0   0   0   0   0
         2  0  1  0  1  1  1  1  0  1  1  0  1  1  1  0  0  1  0   0   0   1   0   1   0
         3  0  0  0  0  0  0  0  0  0  0  0  0  0  0  0  1  0  0   1   0   0   0   0   0
         4  0  0  1  0  0  0  0  0  0  0  0  0  0  0  0  0  0  0   0   0   0   1   0   0
         5  0  0  0  0  0  0  0  0  0  0  0  0  0  0  0  0  0  0   0   1   0   0   0   0
         6  0  0  0  0  0  0  0  0  0  0  0  0  0  0  0  0  0  0   0   0   0   0   0   1
         7  0  0  0  0  0  0  0  0  0  0  0  0  0  0  0  0  0  0   0   0   0   0   0   0
          
clusterCut 106 107 108 109 110 111 112 113 114 115
         1   0   0   0   0   0   0   0   0   0   0
         2   0   0   0   0   0   0   0   0   0   0
         3   0   0   0   0   0   0   0   0   0   0
         4   0   0   0   0   0   1   0   0   0   0
         5   0   0   0   0   0   0   0   0   0   0
         6   0   1   1   1   1   0   1   1   1   1
         7   1   0   0   0   0   0   0   0   0   0
> aggregate(intermediate_grades[,2:6],by=list(clusterCut),mean)
  Group.1 Session 2 Session 3 Session 4 Session 5 Session 6
1       1  1.585714 1.2285714  4.371429  3.542857 1.5857143
2       2  4.433962 3.3962264  4.679245  3.820755 2.5235849
3       3  4.083333 2.6666667  3.500000  1.583333 0.9583333
4       4  1.250000 0.0000000  3.150000  0.900000 0.0000000
5       5  4.500000 1.5000000  0.000000  3.500000 0.0000000
6       6  0.000000 0.1666667  0.000000  0.000000 0.0000000
7       7  0.000000 3.5000000  0.000000  0.000000 0.0000000
> #plot(PrincipalComponent1, PrincipalComponent2, col=clusterCut)
> dend<- as.dendrogram(hclusters)
> # Vertical plot
> dend %>% set("branches_k_color", k = 7) %>% plot(main = "Median Cluster Dendrogram")
> dend %>% rect.dendrogram(k=7, border = 8, lty = 5, lwd = 2)
> 
> # centroid Link
> d <- dist(clustering.data)
> hclusters <- hclust(d, method = "centroid")
> clusterCut <- cutree(hclusters, 7)
> clusterCut
  [1] 1 1 1 1 1 1 1 2 1 1 1 1 3 1 1 1 1 1 1 1 4 3 3 1 3 5 1 1 1 1 3 1 5 1 3 1 3 1 1 5 1 1
 [43] 2 1 3 3 2 1 1 1 3 1 1 1 1 1 3 5 1 3 3 5 1 3 3 3 1 1 3 1 3 1 2 1 1 1 5 1 1 1 1 1 1 4
 [85] 1 1 1 1 3 1 1 1 1 1 1 1 2 1 1 2 2 1 4 1 6 7 6 6 6 6 4 6 6 6 6
> table(clusterCut, intermediate_grades$`Student Id`)
          
clusterCut 1 2 3 4 5 6 7 8 9 10 11 12 13 14 15 16 17 18 19 20 21 22 23 24 25 26 27 28 29
         1 1 1 1 1 1 1 1 0 1  1  1  1  0  1  1  1  1  1  1  1  0  0  0  1  0  0  1  1  1
         2 0 0 0 0 0 0 0 1 0  0  0  0  0  0  0  0  0  0  0  0  0  0  0  0  0  0  0  0  0
         3 0 0 0 0 0 0 0 0 0  0  0  0  1  0  0  0  0  0  0  0  0  1  1  0  1  0  0  0  0
         4 0 0 0 0 0 0 0 0 0  0  0  0  0  0  0  0  0  0  0  0  1  0  0  0  0  0  0  0  0
         5 0 0 0 0 0 0 0 0 0  0  0  0  0  0  0  0  0  0  0  0  0  0  0  0  0  1  0  0  0
         6 0 0 0 0 0 0 0 0 0  0  0  0  0  0  0  0  0  0  0  0  0  0  0  0  0  0  0  0  0
         7 0 0 0 0 0 0 0 0 0  0  0  0  0  0  0  0  0  0  0  0  0  0  0  0  0  0  0  0  0
          
clusterCut 30 31 32 33 34 35 36 37 38 39 40 41 42 43 44 45 46 47 48 49 50 51 52 53 54 55
         1  1  0  1  0  1  0  1  0  1  1  0  1  1  0  1  0  0  0  1  1  1  0  1  1  1  1
         2  0  0  0  0  0  0  0  0  0  0  0  0  0  1  0  0  0  1  0  0  0  0  0  0  0  0
         3  0  1  0  0  0  1  0  1  0  0  0  0  0  0  0  1  1  0  0  0  0  1  0  0  0  0
         4  0  0  0  0  0  0  0  0  0  0  0  0  0  0  0  0  0  0  0  0  0  0  0  0  0  0
         5  0  0  0  1  0  0  0  0  0  0  1  0  0  0  0  0  0  0  0  0  0  0  0  0  0  0
         6  0  0  0  0  0  0  0  0  0  0  0  0  0  0  0  0  0  0  0  0  0  0  0  0  0  0
         7  0  0  0  0  0  0  0  0  0  0  0  0  0  0  0  0  0  0  0  0  0  0  0  0  0  0
          
clusterCut 56 57 58 59 60 61 62 63 64 65 66 67 68 69 70 71 72 73 74 75 76 77 78 79 80 81
         1  1  0  0  1  0  0  0  1  0  0  0  1  1  0  1  0  1  0  1  1  1  0  1  1  1  1
         2  0  0  0  0  0  0  0  0  0  0  0  0  0  0  0  0  0  1  0  0  0  0  0  0  0  0
         3  0  1  0  0  1  1  0  0  1  1  1  0  0  1  0  1  0  0  0  0  0  0  0  0  0  0
         4  0  0  0  0  0  0  0  0  0  0  0  0  0  0  0  0  0  0  0  0  0  0  0  0  0  0
         5  0  0  1  0  0  0  1  0  0  0  0  0  0  0  0  0  0  0  0  0  0  1  0  0  0  0
         6  0  0  0  0  0  0  0  0  0  0  0  0  0  0  0  0  0  0  0  0  0  0  0  0  0  0
         7  0  0  0  0  0  0  0  0  0  0  0  0  0  0  0  0  0  0  0  0  0  0  0  0  0  0
          
clusterCut 82 83 84 85 86 87 88 89 90 91 92 93 94 95 96 97 98 99 100 101 102 103 104 105
         1  1  1  0  1  1  1  1  0  1  1  1  1  1  1  1  0  1  1   0   0   1   0   1   0
         2  0  0  0  0  0  0  0  0  0  0  0  0  0  0  0  1  0  0   1   1   0   0   0   0
         3  0  0  0  0  0  0  0  1  0  0  0  0  0  0  0  0  0  0   0   0   0   0   0   0
         4  0  0  1  0  0  0  0  0  0  0  0  0  0  0  0  0  0  0   0   0   0   1   0   0
         5  0  0  0  0  0  0  0  0  0  0  0  0  0  0  0  0  0  0   0   0   0   0   0   0
         6  0  0  0  0  0  0  0  0  0  0  0  0  0  0  0  0  0  0   0   0   0   0   0   1
         7  0  0  0  0  0  0  0  0  0  0  0  0  0  0  0  0  0  0   0   0   0   0   0   0
          
clusterCut 106 107 108 109 110 111 112 113 114 115
         1   0   0   0   0   0   0   0   0   0   0
         2   0   0   0   0   0   0   0   0   0   0
         3   0   0   0   0   0   0   0   0   0   0
         4   0   0   0   0   0   1   0   0   0   0
         5   0   0   0   0   0   0   0   0   0   0
         6   0   1   1   1   1   0   1   1   1   1
         7   1   0   0   0   0   0   0   0   0   0
> aggregate(intermediate_grades[,2:6],by=list(clusterCut),mean)
  Group.1 Session 2 Session 3 Session 4 Session 5 Session 6
1       1 3.9855072 3.0579710  4.652174 3.8188406 2.3913043
2       2 4.1428571 2.5000000  3.000000 1.8571429 0.8214286
3       3 0.8157895 0.6315789  4.210526 3.3157895 1.2763158
4       4 3.1250000 0.0000000  2.000000 1.6250000 0.0000000
5       5 0.0000000 0.0000000  3.916667 0.4166667 0.0000000
6       6 0.0000000 0.1666667  0.000000 0.0000000 0.0000000
7       7 0.0000000 3.5000000  0.000000 0.0000000 0.0000000
> #plot(PrincipalComponent1, PrincipalComponent2, col=clusterCut)
> dend<- as.dendrogram(hclusters)
> # Vertical plot
> dend %>% set("branches_k_color", k = 7) %>% plot(main = "Centroid Cluster Dendrogram")
> dend %>% rect.dendrogram(k=7, border = 8, lty = 5, lwd = 2)
> 
> #fviz_cluster(hclusters, data = clustering.data)
> 
> #plot(PrincipalComponent1, PrincipalComponent2, col=clusterCut)
> 
> ## Fuzzy Clustering 
> 
> #fannyx <- fanny(intermediate_grades,7)
> #fannyx
> #summary(fannyx)
> #plot(fannyx)
> #return()
> 